============================= test session starts =============================
platform win32 -- Python 3.14.7, pytest-9.1.1, pluggy-1.6.0 -- C:\Users\yashw\swing trades\.venv\Scripts\python.exe
cachedir: .pytest_cache
rootdir: C:\Users\yashw\swing trades
configfile: pytest.ini
collecting ... collected 36 items / 34 deselected / 2 selected

tests/test_day3_strategies.py::test_codex_round6_unicode_trace_preservation FAILED [ 50%]
tests/test_day3_strategies.py::test_codex_round6_timezone_name_normalization FAILED [100%]

================================== FAILURES ===================================
________________ test_codex_round6_unicode_trace_preservation _________________

    def test_codex_round6_unicode_trace_preservation():
        # Built-in unicode string with Rupee sign and accented characters
        unicode_str = "Price: \u20b9 10.50, caf\xe9"
        event = ExitSignalEvent(
            strategy_id="DELIVERY_ACCUMULATION",
            symbol="SBIN",
            session_date="2026-09-25",
            position_id="POS-001",
            reason="TARGET_HIT",
            exit_price=850.0,
            shares_to_exit=10,
            trace={"text": unicode_str, "\u20b9_key": "val"},
        )
        # Trace must strictly preserve the exact unicode characters, not raw byte code points
>       assert event.trace["text"] == unicode_str
E       AssertionError: assert 'Price: \xe2\\x82\xb9 10.50, caf\xc3\xa9' == 'Price: \u20b9 10.50, caf\xe9'
E         
E         - Price: \u20b9 10.50, caf\xe9
E         ?        ^           ^
E         + Price: \xe2\x82\xb9 10.50, caf\xc3\xa9
E         ?        ^^^           ^^

tests\test_day3_strategies.py:1240: AssertionError
________________ test_codex_round6_timezone_name_normalization ________________

    def test_codex_round6_timezone_name_normalization():
        class MutableStr(str):
            def __init__(self, val):
                self.tags = ["initial"]
    
        class MutableTz(tzinfo):
            def __init__(self, name_str):
                self.tz_name = name_str
    
            def utcoffset(self, dt):
                return timedelta(hours=5, minutes=30)
    
            def dst(self, dt):
                return timedelta(0)
    
            def tzname(self, dt):
                return self.tz_name
    
        mut_name = MutableStr("IST_MUTABLE")
        mut_tz = MutableTz(mut_name)
        dt = datetime(2026, 9, 25, 12, 0, tzinfo=mut_tz)
    
        event = ExitSignalEvent(
            strategy_id="DELIVERY_ACCUMULATION",
            symbol="SBIN",
            session_date="2026-09-25",
            position_id="POS-001",
            reason="TARGET_HIT",
            exit_price=850.0,
            shares_to_exit=10,
            trace={"dt": dt},
        )
        frozen_dt = event.trace["dt"]
        frozen_tz_name = frozen_dt.tzname()
    
        # Mutate the attached name subclass
        mut_name.tags.append("mutated")
    
        # The frozen timezone name must be an exact built-in str without mutable subclass attributes
>       assert type(frozen_tz_name) is str
E       AssertionError: assert <class 'test_day3_strategies.test_codex_round6_timezone_name_normalization.<locals>.MutableStr'> is str
E        +  where <class 'test_day3_strategies.test_codex_round6_timezone_name_normalization.<locals>.MutableStr'> = type('IST_MUTABLE')

tests\test_day3_strategies.py:1284: AssertionError
=========================== short test summary info ===========================
FAILED tests/test_day3_strategies.py::test_codex_round6_unicode_trace_preservation
FAILED tests/test_day3_strategies.py::test_codex_round6_timezone_name_normalization
====================== 2 failed, 34 deselected in 0.14s =======================
